﻿00:00 +0: loading D:/quecocinohoy/quecocinohoy/test/widget_test.dart
00:00 +0: (setUpAll)
00:00 +0: App loads successfully smoke test
ÔòÉÔòÉÔòí EXCEPTION CAUGHT BY IMAGE RESOURCE SERVICE Ôò×ÔòÉÔòÉÔòÉÔòÉÔòÉÔòÉÔòÉÔòÉÔòÉÔòÉÔòÉÔòÉÔòÉÔòÉÔòÉÔòÉÔòÉÔòÉÔòÉÔòÉÔòÉÔòÉÔòÉÔòÉÔòÉÔòÉÔòÉÔòÉÔòÉÔòÉÔòÉÔòÉÔòÉÔòÉÔòÉÔòÉÔòÉÔòÉÔòÉÔòÉÔòÉÔòÉÔòÉÔòÉÔòÉÔòÉÔòÉÔòÉÔòÉÔòÉÔòÉÔòÉ
The following UnimplementedError was thrown resolving an image codec:
MockHttpClient: Symbol("autoUncompress=")

When the exception was thrown, this was the stack:
#0      MockHttpClient.noSuchMethod (file:///D:/quecocinohoy/quecocinohoy/test/widget_test.dart:23:5)
#1      MockHttpClient.autoUncompress= (file:///D:/quecocinohoy/quecocinohoy/test/widget_test.dart:13:7)
#2      NetworkImage._sharedHttpClient (package:flutter/src/painting/_network_image_io.dart:96:61)
#3      NetworkImage._sharedHttpClient (package:flutter/src/painting/_network_image_io.dart)
#4      NetworkImage._httpClient (package:flutter/src/painting/_network_image_io.dart:106:22)
#5      NetworkImage._loadAsync (package:flutter/src/painting/_network_image_io.dart:119:47)
#6      NetworkImage.loadImage (package:flutter/src/painting/_network_image_io.dart:81:14)
#7      ImageProvider.resolveStreamForKey.<anonymous closure> (package:flutter/src/painting/image_provider.dart:546:39)
#8      ImageCache.putIfAbsent (package:flutter/src/painting/image_cache.dart:368:22)
#9      ImageProvider.resolveStreamForKey (package:flutter/src/painting/image_provider.dart:543:81)
#10     ScrollAwareImageProvider.resolveStreamForKey (package:flutter/src/widgets/scroll_aware_image_provider.dart:104:19)
#11     ImageProvider.resolve.<anonymous closure> (package:flutter/src/painting/image_provider.dart:383:9)
#12     ImageProvider._createErrorHandlerAndKey.<anonymous closure> (package:flutter/src/painting/image_provider.dart:499:28)
#13     SynchronousFuture.then (package:flutter/src/foundation/synchronous_future.dart:44:27)
#14     ImageProvider._createErrorHandlerAndKey (package:flutter/src/painting/image_provider.dart:496:10)
#15     ImageProvider.resolve (package:flutter/src/painting/image_provider.dart:380:5)
#16     _ImageState._resolveImage (package:flutter/src/widgets/image.dart:1174:44)
#17     _ImageState.didChangeDependencies (package:flutter/src/widgets/image.dart:1124:5)
#18     StatefulElement._firstBuild (package:flutter/src/widgets/framework.dart:5971:11)
#19     ComponentElement.mount (package:flutter/src/widgets/framework.dart:5796:5)
#20     Element.inflateWidget (package:flutter/src/widgets/framework.dart:4590:20)
#21     MultiChildRenderObjectElement.inflateWidget (package:flutter/src/widgets/framework.dart:7269:36)
#22     MultiChildRenderObjectElement.mount (package:flutter/src/widgets/framework.dart:7285:32)
#23     Element.inflateWidget (package:flutter/src/widgets/framework.dart:4590:20)
#24     MultiChildRenderObjectElement.inflateWidget (package:flutter/src/widgets/framework.dart:7269:36)
#25     MultiChildRenderObjectElement.mount (package:flutter/src/widgets/framework.dart:7285:32)
...     Normal element mounting (82 frames)
#107    Element.inflateWidget (package:flutter/src/widgets/framework.dart:4590:20)
#108    Element.updateChild (package:flutter/src/widgets/framework.dart:4059:18)
#109    SliverMultiBoxAdaptorElement.updateChild (package:flutter/src/widgets/sliver.dart:1068:37)
#110    SliverMultiBoxAdaptorElement.createChild.<anonymous closure> (package:flutter/src/widgets/sliver.dart:1052:20)
#111    BuildOwner.buildScope (package:flutter/src/widgets/framework.dart:3101:19)
#112    SliverMultiBoxAdaptorElement.createChild (package:flutter/src/widgets/sliver.dart:1042:12)
#113    RenderSliverMultiBoxAdaptor._createOrObtainChild.<anonymous closure> (package:flutter/src/rendering/sliver_multi_box_adaptor.dart:372:23)
#114    RenderObject.invokeLayoutCallback.<anonymous closure> (package:flutter/src/rendering/object.dart:2894:17)
#115    PipelineOwner._enableMutationsToDirtySubtrees (package:flutter/src/rendering/object.dart:1219:15)
#116    RenderObject.invokeLayoutCallback (package:flutter/src/rendering/object.dart:2893:14)
#117    RenderSliverMultiBoxAdaptor._createOrObtainChild (package:flutter/src/rendering/sliver_multi_box_adaptor.dart:360:5)
#118    RenderSliverMultiBoxAdaptor.addInitialChild (package:flutter/src/rendering/sliver_multi_box_adaptor.dart:460:5)
#119    RenderSliverList.performLayout (package:flutter/src/rendering/sliver_list.dart:79:12)
#120    RenderObject.layout (package:flutter/src/rendering/object.dart:2775:7)
#121    RenderSliverEdgeInsetsPadding.performLayout (package:flutter/src/rendering/sliver_padding.dart:133:12)
#122    RenderSliverPadding.performLayout (package:flutter/src/rendering/sliver_padding.dart:371:11)
#123    RenderObject.layout (package:flutter/src/rendering/object.dart:2775:7)
#124    RenderViewportBase.layoutChildSequence (package:flutter/src/rendering/viewport.dart:673:13)
#125    RenderViewport._attemptLayout (package:flutter/src/rendering/viewport.dart:1684:12)
#126    RenderViewport.performLayout (package:flutter/src/rendering/viewport.dart:1575:20)
#127    RenderObject.layout (package:flutter/src/rendering/object.dart:2775:7)
#128    RenderProxyBoxMixin.performLayout (package:flutter/src/rendering/proxy_box.dart:115:18)
#129    RenderObject.layout (package:flutter/src/rendering/object.dart:2775:7)
#130    RenderProxyBoxMixin.performLayout (package:flutter/src/rendering/proxy_box.dart:115:18)
#131    RenderObject.layout (package:flutter/src/rendering/object.dart:2775:7)
#132    RenderProxyBoxMixin.performLayout (package:flutter/src/rendering/proxy_box.dart:115:18)
#133    RenderObject.layout (package:flutter/src/rendering/object.dart:2775:7)
#134    RenderProxyBoxMixin.performLayout (package:flutter/src/rendering/proxy_box.dart:115:18)
#135    RenderObject.layout (package:flutter/src/rendering/object.dart:2775:7)
#136    RenderProxyBoxMixin.performLayout (package:flutter/src/rendering/proxy_box.dart:115:18)
#137    RenderObject.layout (package:flutter/src/rendering/object.dart:2775:7)
#138    RenderProxyBoxMixin.performLayout (package:flutter/src/rendering/proxy_box.dart:115:18)
#139    RenderObject.layout (package:flutter/src/rendering/object.dart:2775:7)
#140    RenderProxyBoxMixin.performLayout (package:flutter/src/rendering/proxy_box.dart:115:18)
#141    RenderObject.layout (package:flutter/src/rendering/object.dart:2775:7)
#142    RenderProxyBoxMixin.performLayout (package:flutter/src/rendering/proxy_box.dart:115:18)
#143    _RenderCustomClip.performLayout (package:flutter/src/rendering/proxy_box.dart:1481:11)
#144    RenderObject.layout (package:flutter/src/rendering/object.dart:2775:7)
#145    RenderConstrainedBox.performLayout (package:flutter/src/rendering/proxy_box.dart:293:14)
#146    RenderObject.layout (package:flutter/src/rendering/object.dart:2775:7)
#147    ChildLayoutHelper.layoutChild (package:flutter/src/rendering/layout_helper.dart:62:11)
#148    RenderFlex._computeSizes (package:flutter/src/rendering/flex.dart:1161:28)
#149    RenderFlex.performLayout (package:flutter/src/rendering/flex.dart:1257:32)
#150    RenderObject.layout (package:flutter/src/rendering/object.dart:2775:7)
#151    ChildLayoutHelper.layoutChild (package:flutter/src/rendering/layout_helper.dart:62:11)
#152    RenderFlex._computeSizes (package:flutter/src/rendering/flex.dart:1161:28)
#153    RenderFlex.performLayout (package:flutter/src/rendering/flex.dart:1257:32)
#154    RenderObject.layout (package:flutter/src/rendering/object.dart:2775:7)
#155    ChildLayoutHelper.layoutChild (package:flutter/src/rendering/layout_helper.dart:62:11)
#156    RenderFlex._computeSizes (package:flutter/src/rendering/flex.dart:1161:28)
#157    RenderFlex.performLayout (package:flutter/src/rendering/flex.dart:1257:32)
#158    RenderObject.layout (package:flutter/src/rendering/object.dart:2775:7)
#159    RenderPadding.performLayout (package:flutter/src/rendering/shifted_box.dart:243:12)
#160    RenderObject.layout (package:flutter/src/rendering/object.dart:2775:7)
#161    _RenderSingleChildViewport.performLayout (package:flutter/src/widgets/single_child_scroll_view.dart:502:14)
#162    RenderObject.layout (package:flutter/src/rendering/object.dart:2775:7)
#163    RenderProxyBoxMixin.performLayout (package:flutter/src/rendering/proxy_box.dart:115:18)
#164    RenderObject.layout (package:flutter/src/rendering/object.dart:2775:7)
#165    RenderProxyBoxMixin.performLayout (package:flutter/src/rendering/proxy_box.dart:115:18)
#166    RenderObject.layout (package:flutter/src/rendering/object.dart:2775:7)
#167    RenderProxyBoxMixin.performLayout (package:flutter/src/rendering/proxy_box.dart:115:18)
#168    RenderObject.layout (package:flutter/src/rendering/object.dart:2775:7)
#169    RenderProxyBoxMixin.performLayout (package:flutter/src/rendering/proxy_box.dart:115:18)
#170    RenderObject.layout (package:flutter/src/rendering/object.dart:2775:7)
#171    RenderProxyBoxMixin.performLayout (package:flutter/src/rendering/proxy_box.dart:115:18)
#172    RenderObject.layout (package:flutter/src/rendering/object.dart:2775:7)
#173    RenderProxyBoxMixin.performLayout (package:flutter/src/rendering/proxy_box.dart:115:18)
#174    RenderObject.layout (package:flutter/src/rendering/object.dart:2775:7)
#175    RenderProxyBoxMixin.performLayout (package:flutter/src/rendering/proxy_box.dart:115:18)
#176    RenderObject.layout (package:flutter/src/rendering/object.dart:2775:7)
#177    RenderProxyBoxMixin.performLayout (package:flutter/src/rendering/proxy_box.dart:115:18)
#178    _RenderCustomClip.performLayout (package:flutter/src/rendering/proxy_box.dart:1481:11)
#179    RenderObject.layout (package:flutter/src/rendering/object.dart:2775:7)
#180    RenderProxyBoxMixin.performLayout (package:flutter/src/rendering/proxy_box.dart:115:18)
#181    RenderObject.layout (package:flutter/src/rendering/object.dart:2775:7)
#182    RenderPadding.performLayout (package:flutter/src/rendering/shifted_box.dart:243:12)
#183    RenderObject.layout (package:flutter/src/rendering/object.dart:2775:7)
#184    ChildLayoutHelper.layoutChild (package:flutter/src/rendering/layout_helper.dart:62:11)
#185    RenderStack._computeSize (package:flutter/src/rendering/stack.dart:645:43)
#186    RenderStack.performLayout (package:flutter/src/rendering/stack.dart:680:12)
#187    RenderObject.layout (package:flutter/src/rendering/object.dart:2775:7)
#188    MultiChildLayoutDelegate.layoutChild (package:flutter/src/rendering/custom_layout.dart:180:12)
#189    _ScaffoldLayout.performLayout (package:flutter/src/material/scaffold.dart:1112:7)
#190    MultiChildLayoutDelegate._callPerformLayout (package:flutter/src/rendering/custom_layout.dart:249:7)
#191    RenderCustomMultiChildLayoutBox.performLayout (package:flutter/src/rendering/custom_layout.dart:420:14)
#192    RenderObject.layout (package:flutter/src/rendering/object.dart:2775:7)
#193    RenderProxyBoxMixin.performLayout (package:flutter/src/rendering/proxy_box.dart:115:18)
#194    RenderObject.layout (package:flutter/src/rendering/object.dart:2775:7)
#195    RenderProxyBoxMixin.performLayout (package:flutter/src/rendering/proxy_box.dart:115:18)
#196    _RenderCustomClip.performLayout (package:flutter/src/rendering/proxy_box.dart:1481:11)
#197    RenderObject.layout (package:flutter/src/rendering/object.dart:2775:7)
#198    RenderProxyBoxMixin.performLayout (package:flutter/src/rendering/proxy_box.dart:115:18)
#199    RenderObject.layout (package:flutter/src/rendering/object.dart:2775:7)
#200    RenderProxyBoxMixin.performLayout (package:flutter/src/rendering/proxy_box.dart:115:18)
#201    RenderObject.layout (package:flutter/src/rendering/object.dart:2775:7)
#202    RenderProxyBoxMixin.performLayout (package:flutter/src/rendering/proxy_box.dart:115:18)
#203    RenderObject.layout (package:flutter/src/rendering/object.dart:2775:7)
#204    RenderProxyBoxMixin.performLayout (package:flutter/src/rendering/proxy_box.dart:115:18)
#205    RenderObject.layout (package:flutter/src/rendering/object.dart:2775:7)
#206    RenderProxyBoxMixin.performLayout (package:flutter/src/rendering/proxy_box.dart:115:18)
#207    RenderObject.layout (package:flutter/src/rendering/object.dart:2775:7)
#208    RenderProxyBoxMixin.performLayout (package:flutter/src/rendering/proxy_box.dart:115:18)
#209    RenderObject.layout (package:flutter/src/rendering/object.dart:2775:7)
#210    RenderProxyBoxMixin.performLayout (package:flutter/src/rendering/proxy_box.dart:115:18)
#211    RenderObject.layout (package:flutter/src/rendering/object.dart:2775:7)
#212    RenderProxyBoxMixin.performLayout (package:flutter/src/rendering/proxy_box.dart:115:18)
#213    RenderObject.layout (package:flutter/src/rendering/object.dart:2775:7)
#214    RenderProxyBoxMixin.performLayout (package:flutter/src/rendering/proxy_box.dart:115:18)
#215    RenderObject.layout (package:flutter/src/rendering/object.dart:2775:7)
#216    RenderProxyBoxMixin.performLayout (package:flutter/src/rendering/proxy_box.dart:115:18)
#217    RenderObject.layout (package:flutter/src/rendering/object.dart:2775:7)
#218    RenderProxyBoxMixin.performLayout (package:flutter/src/rendering/proxy_box.dart:115:18)
#219    RenderObject.layout (package:flutter/src/rendering/object.dart:2775:7)
#220    RenderProxyBoxMixin.performLayout (package:flutter/src/rendering/proxy_box.dart:115:18)
#221    RenderObject.layout (package:flutter/src/rendering/object.dart:2775:7)
#222    RenderProxyBoxMixin.performLayout (package:flutter/src/rendering/proxy_box.dart:115:18)
#223    RenderObject.layout (package:flutter/src/rendering/object.dart:2775:7)
#224    RenderProxyBoxMixin.performLayout (package:flutter/src/rendering/proxy_box.dart:115:18)
#225    RenderObject.layout (package:flutter/src/rendering/object.dart:2775:7)
#226    RenderProxyBoxMixin.performLayout (package:flutter/src/rendering/proxy_box.dart:115:18)
#227    RenderObject.layout (package:flutter/src/rendering/object.dart:2775:7)
#228    RenderProxyBoxMixin.performLayout (package:flutter/src/rendering/proxy_box.dart:115:18)
#229    RenderOffstage.performLayout (package:flutter/src/rendering/proxy_box.dart:3848:13)
#230    RenderObject.layout (package:flutter/src/rendering/object.dart:2775:7)
#231    RenderProxyBoxMixin.performLayout (package:flutter/src/rendering/proxy_box.dart:115:18)
#232    RenderObject.layout (package:flutter/src/rendering/object.dart:2775:7)
#233    _RenderTheaterMixin.layoutChild (package:flutter/src/widgets/overlay.dart:1084:13)
#234    _RenderTheater.performLayout (package:flutter/src/widgets/overlay.dart:1429:9)
#235    RenderObject.layout (package:flutter/src/rendering/object.dart:2775:7)
#236    RenderProxyBoxMixin.performLayout (package:flutter/src/rendering/proxy_box.dart:115:18)
#237    RenderObject.layout (package:flutter/src/rendering/object.dart:2775:7)
#238    RenderProxyBoxMixin.performLayout (package:flutter/src/rendering/proxy_box.dart:115:18)
#239    RenderObject.layout (package:flutter/src/rendering/object.dart:2775:7)
#240    RenderProxyBoxMixin.performLayout (package:flutter/src/rendering/proxy_box.dart:115:18)
#241    RenderObject.layout (package:flutter/src/rendering/object.dart:2775:7)
#242    RenderProxyBoxMixin.performLayout (package:flutter/src/rendering/proxy_box.dart:115:18)
#243    RenderObject.layout (package:flutter/src/rendering/object.dart:2775:7)
#244    RenderProxyBoxMixin.performLayout (package:flutter/src/rendering/proxy_box.dart:115:18)
#245    RenderObject.layout (package:flutter/src/rendering/object.dart:2775:7)
#246    RenderProxyBoxMixin.performLayout (package:flutter/src/rendering/proxy_box.dart:115:18)
#247    RenderObject.layout (package:flutter/src/rendering/object.dart:2775:7)
#248    RenderProxyBoxMixin.performLayout (package:flutter/src/rendering/proxy_box.dart:115:18)
#249    RenderObject.layout (package:flutter/src/rendering/object.dart:2775:7)
#250    RenderProxyBoxMixin.performLayout (package:flutter/src/rendering/proxy_box.dart:115:18)
#251    RenderObject.layout (package:flutter/src/rendering/object.dart:2775:7)
#252    RenderProxyBoxMixin.performLayout (package:flutter/src/rendering/proxy_box.dart:115:18)
#253    RenderObject.layout (package:flutter/src/rendering/object.dart:2775:7)
#254    RenderView.performLayout (package:flutter/src/rendering/view.dart:294:12)
#255    RenderObject._layoutWithoutResize (package:flutter/src/rendering/object.dart:2623:7)
#256    PipelineOwner.flushLayout (package:flutter/src/rendering/object.dart:1170:18)
#257    PipelineOwner.flushLayout (package:flutter/src/rendering/object.dart:1183:15)
#258    AutomatedTestWidgetsFlutterBinding.drawFrame (package:flutter_test/src/binding.dart:1508:27)
#259    RendererBinding._handlePersistentFrameCallback (package:flutter/src/rendering/binding.dart:495:5)
#260    SchedulerBinding._invokeFrameCallback (package:flutter/src/scheduler/binding.dart:1434:15)
#261    SchedulerBinding.handleDrawFrame (package:flutter/src/scheduler/binding.dart:1347:9)
#262    AutomatedTestWidgetsFlutterBinding.pump.<anonymous closure> (package:flutter_test/src/binding.dart:1335:9)
#265    TestAsyncUtils.guard (package:flutter_test/src/test_async_utils.dart:74:41)
#266    AutomatedTestWidgetsFlutterBinding.pump (package:flutter_test/src/binding.dart:1324:27)
#267    WidgetTester.pumpWidget.<anonymous closure> (package:flutter_test/src/widget_tester.dart:598:22)
#270    TestAsyncUtils.guard (package:flutter_test/src/test_async_utils.dart:74:41)
#271    WidgetTester.pumpWidget (package:flutter_test/src/widget_tester.dart:595:27)
#272    main.<anonymous closure> (file:///D:/quecocinohoy/quecocinohoy/test/widget_test.dart:95:18)
#273    testWidgets.<anonymous closure>.<anonymous closure> (package:flutter_test/src/widget_tester.dart:192:29)
<asynchronous suspension>
#274    TestWidgetsFlutterBinding._runTestBody (package:flutter_test/src/binding.dart:1059:5)
<asynchronous suspension>
<asynchronous suspension>
(elided 5 frames from dart:async and package:stack_trace)

Image provider:
  NetworkImage("https://images.unsplash.com/photo-1565299585323-38d6b0865b47?w=800&auto=format&fit=crop&q=80",
  scale: 1.0, webHtmlElementStrategy: never, headers: null)
Image key:
  NetworkImage("https://images.unsplash.com/photo-1565299585323-38d6b0865b47?w=800&auto=format&fit=crop&q=80",
  scale: 1.0, webHtmlElementStrategy: never, headers: null)
ÔòÉÔòÉÔòÉÔòÉÔòÉÔòÉÔòÉÔòÉÔòÉÔòÉÔòÉÔòÉÔòÉÔòÉÔòÉÔòÉÔòÉÔòÉÔòÉÔòÉÔòÉÔòÉÔòÉÔòÉÔòÉÔòÉÔòÉÔòÉÔòÉÔòÉÔòÉÔòÉÔòÉÔòÉÔòÉÔòÉÔòÉÔòÉÔòÉÔòÉÔòÉÔòÉÔòÉÔòÉÔòÉÔòÉÔòÉÔòÉÔòÉÔòÉÔòÉÔòÉÔòÉÔòÉÔòÉÔòÉÔòÉÔòÉÔòÉÔòÉÔòÉÔòÉÔòÉÔòÉÔòÉÔòÉÔòÉÔòÉÔòÉÔòÉÔòÉÔòÉÔòÉÔòÉÔòÉÔòÉÔòÉÔòÉÔòÉÔòÉÔòÉÔòÉÔòÉÔòÉÔòÉÔòÉÔòÉÔòÉÔòÉÔòÉÔòÉÔòÉÔòÉÔòÉÔòÉÔòÉÔòÉÔòÉÔòÉÔòÉ
ÔòÉÔòÉÔòí EXCEPTION CAUGHT BY IMAGE RESOURCE SERVICE Ôò×ÔòÉÔòÉÔòÉÔòÉÔòÉÔòÉÔòÉÔòÉÔòÉÔòÉÔòÉÔòÉÔòÉÔòÉÔòÉÔòÉÔòÉÔòÉÔòÉÔòÉÔòÉÔòÉÔòÉÔòÉÔòÉÔòÉÔòÉÔòÉÔòÉÔòÉÔòÉÔòÉÔòÉÔòÉÔòÉÔòÉÔòÉÔòÉÔòÉÔòÉÔòÉÔòÉÔòÉÔòÉÔòÉÔòÉÔòÉÔòÉÔòÉÔòÉÔòÉÔòÉ
The following UnimplementedError was thrown resolving an image codec:
MockHttpClient: Symbol("autoUncompress=")

When the exception was thrown, this was the stack:
#0      MockHttpClient.noSuchMethod (file:///D:/quecocinohoy/quecocinohoy/test/widget_test.dart:23:5)
#1      MockHttpClient.autoUncompress= (file:///D:/quecocinohoy/quecocinohoy/test/widget_test.dart:13:7)
#2      NetworkImage._sharedHttpClient (package:flutter/src/painting/_network_image_io.dart:96:61)
#3      NetworkImage._sharedHttpClient (package:flutter/src/painting/_network_image_io.dart)
#4      NetworkImage._httpClient (package:flutter/src/painting/_network_image_io.dart:106:22)
#5      NetworkImage._loadAsync (package:flutter/src/painting/_network_image_io.dart:119:47)
#6      NetworkImage.loadImage (package:flutter/src/painting/_network_image_io.dart:81:14)
#7      ImageProvider.resolveStreamForKey.<anonymous closure> (package:flutter/src/painting/image_provider.dart:546:39)
#8      ImageCache.putIfAbsent (package:flutter/src/painting/image_cache.dart:368:22)
#9      ImageProvider.resolveStreamForKey (package:flutter/src/painting/image_provider.dart:543:81)
#10     ScrollAwareImageProvider.resolveStreamForKey (package:flutter/src/widgets/scroll_aware_image_provider.dart:104:19)
#11     ImageProvider.resolve.<anonymous closure> (package:flutter/src/painting/image_provider.dart:383:9)
#12     ImageProvider._createErrorHandlerAndKey.<anonymous closure> (package:flutter/src/painting/image_provider.dart:499:28)
#13     SynchronousFuture.then (package:flutter/src/foundation/synchronous_future.dart:44:27)
#14     ImageProvider._createErrorHandlerAndKey (package:flutter/src/painting/image_provider.dart:496:10)
#15     ImageProvider.resolve (package:flutter/src/painting/image_provider.dart:380:5)
#16     _ImageState._resolveImage (package:flutter/src/widgets/image.dart:1174:44)
#17     _ImageState.didChangeDependencies (package:flutter/src/widgets/image.dart:1124:5)
#18     StatefulElement._firstBuild (package:flutter/src/widgets/framework.dart:5971:11)
#19     ComponentElement.mount (package:flutter/src/widgets/framework.dart:5796:5)
#20     Element.inflateWidget (package:flutter/src/widgets/framework.dart:4590:20)
#21     MultiChildRenderObjectElement.inflateWidget (package:flutter/src/widgets/framework.dart:7269:36)
#22     MultiChildRenderObjectElement.mount (package:flutter/src/widgets/framework.dart:7285:32)
#23     Element.inflateWidget (package:flutter/src/widgets/framework.dart:4590:20)
#24     MultiChildRenderObjectElement.inflateWidget (package:flutter/src/widgets/framework.dart:7269:36)
#25     MultiChildRenderObjectElement.mount (package:flutter/src/widgets/framework.dart:7285:32)
...     Normal element mounting (82 frames)
#107    Element.inflateWidget (package:flutter/src/widgets/framework.dart:4590:20)
#108    Element.updateChild (package:flutter/src/widgets/framework.dart:4059:18)
#109    SliverMultiBoxAdaptorElement.updateChild (package:flutter/src/widgets/sliver.dart:1068:37)
#110    SliverMultiBoxAdaptorElement.createChild.<anonymous closure> (package:flutter/src/widgets/sliver.dart:1052:20)
#111    BuildOwner.buildScope (package:flutter/src/widgets/framework.dart:3101:19)
#112    SliverMultiBoxAdaptorElement.createChild (package:flutter/src/widgets/sliver.dart:1042:12)
#113    RenderSliverMultiBoxAdaptor._createOrObtainChild.<anonymous closure> (package:flutter/src/rendering/sliver_multi_box_adaptor.dart:372:23)
#114    RenderObject.invokeLayoutCallback.<anonymous closure> (package:flutter/src/rendering/object.dart:2894:17)
#115    PipelineOwner._enableMutationsToDirtySubtrees (package:flutter/src/rendering/object.dart:1219:15)
#116    RenderObject.invokeLayoutCallback (package:flutter/src/rendering/object.dart:2893:14)
#117    RenderSliverMultiBoxAdaptor._createOrObtainChild (package:flutter/src/rendering/sliver_multi_box_adaptor.dart:360:5)
#118    RenderSliverMultiBoxAdaptor.insertAndLayoutChild (package:flutter/src/rendering/sliver_multi_box_adaptor.dart:523:5)
#119    RenderSliverList.performLayout.advance (package:flutter/src/rendering/sliver_list.dart:242:19)
#120    RenderSliverList.performLayout (package:flutter/src/rendering/sliver_list.dart:283:12)
#121    RenderObject.layout (package:flutter/src/rendering/object.dart:2775:7)
#122    RenderSliverEdgeInsetsPadding.performLayout (package:flutter/src/rendering/sliver_padding.dart:133:12)
#123    RenderSliverPadding.performLayout (package:flutter/src/rendering/sliver_padding.dart:371:11)
#124    RenderObject.layout (package:flutter/src/rendering/object.dart:2775:7)
#125    RenderViewportBase.layoutChildSequence (package:flutter/src/rendering/viewport.dart:673:13)
#126    RenderViewport._attemptLayout (package:flutter/src/rendering/viewport.dart:1684:12)
#127    RenderViewport.performLayout (package:flutter/src/rendering/viewport.dart:1575:20)
#128    RenderObject.layout (package:flutter/src/rendering/object.dart:2775:7)
#129    RenderProxyBoxMixin.performLayout (package:flutter/src/rendering/proxy_box.dart:115:18)
#130    RenderObject.layout (package:flutter/src/rendering/object.dart:2775:7)
#131    RenderProxyBoxMixin.performLayout (package:flutter/src/rendering/proxy_box.dart:115:18)
#132    RenderObject.layout (package:flutter/src/rendering/object.dart:2775:7)
#133    RenderProxyBoxMixin.performLayout (package:flutter/src/rendering/proxy_box.dart:115:18)
#134    RenderObject.layout (package:flutter/src/rendering/object.dart:2775:7)
#135    RenderProxyBoxMixin.performLayout (package:flutter/src/rendering/proxy_box.dart:115:18)
#136    RenderObject.layout (package:flutter/src/rendering/object.dart:2775:7)
#137    RenderProxyBoxMixin.performLayout (package:flutter/src/rendering/proxy_box.dart:115:18)
#138    RenderObject.layout (package:flutter/src/rendering/object.dart:2775:7)
#139    RenderProxyBoxMixin.performLayout (package:flutter/src/rendering/proxy_box.dart:115:18)
#140    RenderObject.layout (package:flutter/src/rendering/object.dart:2775:7)
#141    RenderProxyBoxMixin.performLayout (package:flutter/src/rendering/proxy_box.dart:115:18)
#142    RenderObject.layout (package:flutter/src/rendering/object.dart:2775:7)
#143    RenderProxyBoxMixin.performLayout (package:flutter/src/rendering/proxy_box.dart:115:18)
#144    _RenderCustomClip.performLayout (package:flutter/src/rendering/proxy_box.dart:1481:11)
#145    RenderObject.layout (package:flutter/src/rendering/object.dart:2775:7)
#146    RenderConstrainedBox.performLayout (package:flutter/src/rendering/proxy_box.dart:293:14)
#147    RenderObject.layout (package:flutter/src/rendering/object.dart:2775:7)
#148    ChildLayoutHelper.layoutChild (package:flutter/src/rendering/layout_helper.dart:62:11)
#149    RenderFlex._computeSizes (package:flutter/src/rendering/flex.dart:1161:28)
#150    RenderFlex.performLayout (package:flutter/src/rendering/flex.dart:1257:32)
#151    RenderObject.layout (package:flutter/src/rendering/object.dart:2775:7)
#152    ChildLayoutHelper.layoutChild (package:flutter/src/rendering/layout_helper.dart:62:11)
#153    RenderFlex._computeSizes (package:flutter/src/rendering/flex.dart:1161:28)
#154    RenderFlex.performLayout (package:flutter/src/rendering/flex.dart:1257:32)
#155    RenderObject.layout (package:flutter/src/rendering/object.dart:2775:7)
#156    ChildLayoutHelper.layoutChild (package:flutter/src/rendering/layout_helper.dart:62:11)
#157    RenderFlex._computeSizes (package:flutter/src/rendering/flex.dart:1161:28)
#158    RenderFlex.performLayout (package:flutter/src/rendering/flex.dart:1257:32)
#159    RenderObject.layout (package:flutter/src/rendering/object.dart:2775:7)
#160    RenderPadding.performLayout (package:flutter/src/rendering/shifted_box.dart:243:12)
#161    RenderObject.layout (package:flutter/src/rendering/object.dart:2775:7)
#162    _RenderSingleChildViewport.performLayout (package:flutter/src/widgets/single_child_scroll_view.dart:502:14)
#163    RenderObject.layout (package:flutter/src/rendering/object.dart:2775:7)
#164    RenderProxyBoxMixin.performLayout (package:flutter/src/rendering/proxy_box.dart:115:18)
#165    RenderObject.layout (package:flutter/src/rendering/object.dart:2775:7)
#166    RenderProxyBoxMixin.performLayout (package:flutter/src/rendering/proxy_box.dart:115:18)
#167    RenderObject.layout (package:flutter/src/rendering/object.dart:2775:7)
#168    RenderProxyBoxMixin.performLayout (package:flutter/src/rendering/proxy_box.dart:115:18)
#169    RenderObject.layout (package:flutter/src/rendering/object.dart:2775:7)
#170    RenderProxyBoxMixin.performLayout (package:flutter/src/rendering/proxy_box.dart:115:18)
#171    RenderObject.layout (package:flutter/src/rendering/object.dart:2775:7)
#172    RenderProxyBoxMixin.performLayout (package:flutter/src/rendering/proxy_box.dart:115:18)
#173    RenderObject.layout (package:flutter/src/rendering/object.dart:2775:7)
#174    RenderProxyBoxMixin.performLayout (package:flutter/src/rendering/proxy_box.dart:115:18)
#175    RenderObject.layout (package:flutter/src/rendering/object.dart:2775:7)
#176    RenderProxyBoxMixin.performLayout (package:flutter/src/rendering/proxy_box.dart:115:18)
#177    RenderObject.layout (package:flutter/src/rendering/object.dart:2775:7)
#178    RenderProxyBoxMixin.performLayout (package:flutter/src/rendering/proxy_box.dart:115:18)
#179    _RenderCustomClip.performLayout (package:flutter/src/rendering/proxy_box.dart:1481:11)
#180    RenderObject.layout (package:flutter/src/rendering/object.dart:2775:7)
#181    RenderProxyBoxMixin.performLayout (package:flutter/src/rendering/proxy_box.dart:115:18)
#182    RenderObject.layout (package:flutter/src/rendering/object.dart:2775:7)
#183    RenderPadding.performLayout (package:flutter/src/rendering/shifted_box.dart:243:12)
#184    RenderObject.layout (package:flutter/src/rendering/object.dart:2775:7)
#185    ChildLayoutHelper.layoutChild (package:flutter/src/rendering/layout_helper.dart:62:11)
#186    RenderStack._computeSize (package:flutter/src/rendering/stack.dart:645:43)
#187    RenderStack.performLayout (package:flutter/src/rendering/stack.dart:680:12)
#188    RenderObject.layout (package:flutter/src/rendering/object.dart:2775:7)
#189    MultiChildLayoutDelegate.layoutChild (package:flutter/src/rendering/custom_layout.dart:180:12)
#190    _ScaffoldLayout.performLayout (package:flutter/src/material/scaffold.dart:1112:7)
#191    MultiChildLayoutDelegate._callPerformLayout (package:flutter/src/rendering/custom_layout.dart:249:7)
#192    RenderCustomMultiChildLayoutBox.performLayout (package:flutter/src/rendering/custom_layout.dart:420:14)
#193    RenderObject.layout (package:flutter/src/rendering/object.dart:2775:7)
#194    RenderProxyBoxMixin.performLayout (package:flutter/src/rendering/proxy_box.dart:115:18)
#195    RenderObject.layout (package:flutter/src/rendering/object.dart:2775:7)
#196    RenderProxyBoxMixin.performLayout (package:flutter/src/rendering/proxy_box.dart:115:18)
#197    _RenderCustomClip.performLayout (package:flutter/src/rendering/proxy_box.dart:1481:11)
#198    RenderObject.layout (package:flutter/src/rendering/object.dart:2775:7)
#199    RenderProxyBoxMixin.performLayout (package:flutter/src/rendering/proxy_box.dart:115:18)
#200    RenderObject.layout (package:flutter/src/rendering/object.dart:2775:7)
#201    RenderProxyBoxMixin.performLayout (package:flutter/src/rendering/proxy_box.dart:115:18)
#202    RenderObject.layout (package:flutter/src/rendering/object.dart:2775:7)
#203    RenderProxyBoxMixin.performLayout (package:flutter/src/rendering/proxy_box.dart:115:18)
#204    RenderObject.layout (package:flutter/src/rendering/object.dart:2775:7)
#205    RenderProxyBoxMixin.performLayout (package:flutter/src/rendering/proxy_box.dart:115:18)
#206    RenderObject.layout (package:flutter/src/rendering/object.dart:2775:7)
#207    RenderProxyBoxMixin.performLayout (package:flutter/src/rendering/proxy_box.dart:115:18)
#208    RenderObject.layout (package:flutter/src/rendering/object.dart:2775:7)
#209    RenderProxyBoxMixin.performLayout (package:flutter/src/rendering/proxy_box.dart:115:18)
#210    RenderObject.layout (package:flutter/src/rendering/object.dart:2775:7)
#211    RenderProxyBoxMixin.performLayout (package:flutter/src/rendering/proxy_box.dart:115:18)
#212    RenderObject.layout (package:flutter/src/rendering/object.dart:2775:7)
#213    RenderProxyBoxMixin.performLayout (package:flutter/src/rendering/proxy_box.dart:115:18)
#214    RenderObject.layout (package:flutter/src/rendering/object.dart:2775:7)
#215    RenderProxyBoxMixin.performLayout (package:flutter/src/rendering/proxy_box.dart:115:18)
#216    RenderObject.layout (package:flutter/src/rendering/object.dart:2775:7)
#217    RenderProxyBoxMixin.performLayout (package:flutter/src/rendering/proxy_box.dart:115:18)
#218    RenderObject.layout (package:flutter/src/rendering/object.dart:2775:7)
#219    RenderProxyBoxMixin.performLayout (package:flutter/src/rendering/proxy_box.dart:115:18)
#220    RenderObject.layout (package:flutter/src/rendering/object.dart:2775:7)
#221    RenderProxyBoxMixin.performLayout (package:flutter/src/rendering/proxy_box.dart:115:18)
#222    RenderObject.layout (package:flutter/src/rendering/object.dart:2775:7)
#223    RenderProxyBoxMixin.performLayout (package:flutter/src/rendering/proxy_box.dart:115:18)
#224    RenderObject.layout (package:flutter/src/rendering/object.dart:2775:7)
#225    RenderProxyBoxMixin.performLayout (package:flutter/src/rendering/proxy_box.dart:115:18)
#226    RenderObject.layout (package:flutter/src/rendering/object.dart:2775:7)
#227    RenderProxyBoxMixin.performLayout (package:flutter/src/rendering/proxy_box.dart:115:18)
#228    RenderObject.layout (package:flutter/src/rendering/object.dart:2775:7)
#229    RenderProxyBoxMixin.performLayout (package:flutter/src/rendering/proxy_box.dart:115:18)
#230    RenderOffstage.performLayout (package:flutter/src/rendering/proxy_box.dart:3848:13)
#231    RenderObject.layout (package:flutter/src/rendering/object.dart:2775:7)
#232    RenderProxyBoxMixin.performLayout (package:flutter/src/rendering/proxy_box.dart:115:18)
#233    RenderObject.layout (package:flutter/src/rendering/object.dart:2775:7)
#234    _RenderTheaterMixin.layoutChild (package:flutter/src/widgets/overlay.dart:1084:13)
#235    _RenderTheater.performLayout (package:flutter/src/widgets/overlay.dart:1429:9)
#236    RenderObject.layout (package:flutter/src/rendering/object.dart:2775:7)
#237    RenderProxyBoxMixin.performLayout (package:flutter/src/rendering/proxy_box.dart:115:18)
#238    RenderObject.layout (package:flutter/src/rendering/object.dart:2775:7)
#239    RenderProxyBoxMixin.performLayout (package:flutter/src/rendering/proxy_box.dart:115:18)
#240    RenderObject.layout (package:flutter/src/rendering/object.dart:2775:7)
#241    RenderProxyBoxMixin.performLayout (package:flutter/src/rendering/proxy_box.dart:115:18)
#242    RenderObject.layout (package:flutter/src/rendering/object.dart:2775:7)
#243    RenderProxyBoxMixin.performLayout (package:flutter/src/rendering/proxy_box.dart:115:18)
#244    RenderObject.layout (package:flutter/src/rendering/object.dart:2775:7)
#245    RenderProxyBoxMixin.performLayout (package:flutter/src/rendering/proxy_box.dart:115:18)
#246    RenderObject.layout (package:flutter/src/rendering/object.dart:2775:7)
#247    RenderProxyBoxMixin.performLayout (package:flutter/src/rendering/proxy_box.dart:115:18)
#248    RenderObject.layout (package:flutter/src/rendering/object.dart:2775:7)
#249    RenderProxyBoxMixin.performLayout (package:flutter/src/rendering/proxy_box.dart:115:18)
#250    RenderObject.layout (package:flutter/src/rendering/object.dart:2775:7)
#251    RenderProxyBoxMixin.performLayout (package:flutter/src/rendering/proxy_box.dart:115:18)
#252    RenderObject.layout (package:flutter/src/rendering/object.dart:2775:7)
#253    RenderProxyBoxMixin.performLayout (package:flutter/src/rendering/proxy_box.dart:115:18)
#254    RenderObject.layout (package:flutter/src/rendering/object.dart:2775:7)
#255    RenderView.performLayout (package:flutter/src/rendering/view.dart:294:12)
#256    RenderObject._layoutWithoutResize (package:flutter/src/rendering/object.dart:2623:7)
#257    PipelineOwner.flushLayout (package:flutter/src/rendering/object.dart:1170:18)
#258    PipelineOwner.flushLayout (package:flutter/src/rendering/object.dart:1183:15)
#259    AutomatedTestWidgetsFlutterBinding.drawFrame (package:flutter_test/src/binding.dart:1508:27)
#260    RendererBinding._handlePersistentFrameCallback (package:flutter/src/rendering/binding.dart:495:5)
#261    SchedulerBinding._invokeFrameCallback (package:flutter/src/scheduler/binding.dart:1434:15)
#262    SchedulerBinding.handleDrawFrame (package:flutter/src/scheduler/binding.dart:1347:9)
#263    AutomatedTestWidgetsFlutterBinding.pump.<anonymous closure> (package:flutter_test/src/binding.dart:1335:9)
#266    TestAsyncUtils.guard (package:flutter_test/src/test_async_utils.dart:74:41)
#267    AutomatedTestWidgetsFlutterBinding.pump (package:flutter_test/src/binding.dart:1324:27)
#268    WidgetTester.pumpWidget.<anonymous closure> (package:flutter_test/src/widget_tester.dart:598:22)
#271    TestAsyncUtils.guard (package:flutter_test/src/test_async_utils.dart:74:41)
#272    WidgetTester.pumpWidget (package:flutter_test/src/widget_tester.dart:595:27)
#273    main.<anonymous closure> (file:///D:/quecocinohoy/quecocinohoy/test/widget_test.dart:95:18)
#274    testWidgets.<anonymous closure>.<anonymous closure> (package:flutter_test/src/widget_tester.dart:192:29)
<asynchronous suspension>
#275    TestWidgetsFlutterBinding._runTestBody (package:flutter_test/src/binding.dart:1059:5)
<asynchronous suspension>
<asynchronous suspension>
(elided 5 frames from dart:async and package:stack_trace)

Image provider:
  NetworkImage("https://images.unsplash.com/photo-1512621776951-a57141f2eefd?w=800&auto=format&fit=crop&q=80",
  scale: 1.0, webHtmlElementStrategy: never, headers: null)
Image key:
  NetworkImage("https://images.unsplash.com/photo-1512621776951-a57141f2eefd?w=800&auto=format&fit=crop&q=80",
  scale: 1.0, webHtmlElementStrategy: never, headers: null)
ÔòÉÔòÉÔòÉÔòÉÔòÉÔòÉÔòÉÔòÉÔòÉÔòÉÔòÉÔòÉÔòÉÔòÉÔòÉÔòÉÔòÉÔòÉÔòÉÔòÉÔòÉÔòÉÔòÉÔòÉÔòÉÔòÉÔòÉÔòÉÔòÉÔòÉÔòÉÔòÉÔòÉÔòÉÔòÉÔòÉÔòÉÔòÉÔòÉÔòÉÔòÉÔòÉÔòÉÔòÉÔòÉÔòÉÔòÉÔòÉÔòÉÔòÉÔòÉÔòÉÔòÉÔòÉÔòÉÔòÉÔòÉÔòÉÔòÉÔòÉÔòÉÔòÉÔòÉÔòÉÔòÉÔòÉÔòÉÔòÉÔòÉÔòÉÔòÉÔòÉÔòÉÔòÉÔòÉÔòÉÔòÉÔòÉÔòÉÔòÉÔòÉÔòÉÔòÉÔòÉÔòÉÔòÉÔòÉÔòÉÔòÉÔòÉÔòÉÔòÉÔòÉÔòÉÔòÉÔòÉÔòÉÔòÉÔòÉÔòÉ
ÔòÉÔòÉÔòí EXCEPTION CAUGHT BY FLUTTER TEST FRAMEWORK Ôò×ÔòÉÔòÉÔòÉÔòÉÔòÉÔòÉÔòÉÔòÉÔòÉÔòÉÔòÉÔòÉÔòÉÔòÉÔòÉÔòÉÔòÉÔòÉÔòÉÔòÉÔòÉÔòÉÔòÉÔòÉÔòÉÔòÉÔòÉÔòÉÔòÉÔòÉÔòÉÔòÉÔòÉÔòÉÔòÉÔòÉÔòÉÔòÉÔòÉÔòÉÔòÉÔòÉÔòÉÔòÉÔòÉÔòÉÔòÉÔòÉÔòÉÔòÉÔòÉÔòÉ
The following message was thrown:
Multiple exceptions (2) were detected during the running of the current test, and at least one was
unexpected.
ÔòÉÔòÉÔòÉÔòÉÔòÉÔòÉÔòÉÔòÉÔòÉÔòÉÔòÉÔòÉÔòÉÔòÉÔòÉÔòÉÔòÉÔòÉÔòÉÔòÉÔòÉÔòÉÔòÉÔòÉÔòÉÔòÉÔòÉÔòÉÔòÉÔòÉÔòÉÔòÉÔòÉÔòÉÔòÉÔòÉÔòÉÔòÉÔòÉÔòÉÔòÉÔòÉÔòÉÔòÉÔòÉÔòÉÔòÉÔòÉÔòÉÔòÉÔòÉÔòÉÔòÉÔòÉÔòÉÔòÉÔòÉÔòÉÔòÉÔòÉÔòÉÔòÉÔòÉÔòÉÔòÉÔòÉÔòÉÔòÉÔòÉÔòÉÔòÉÔòÉÔòÉÔòÉÔòÉÔòÉÔòÉÔòÉÔòÉÔòÉÔòÉÔòÉÔòÉÔòÉÔòÉÔòÉÔòÉÔòÉÔòÉÔòÉÔòÉÔòÉÔòÉÔòÉÔòÉÔòÉÔòÉÔòÉÔòÉÔòÉ
00:01 +0 -1: App loads successfully smoke test [E]
  Test failed. See exception logs above.
  The test description was: App loads successfully smoke test
  
00:01 +0 -1: (tearDownAll)
00:01 +0 -1: Some tests failed.
